// Jest Snapshot v1, https://goo.gl/fbAQLP

exports[`App Rendering should render App 1`] = `
<div
  className="App"
>
  <div
    className="loginFormWhole"
  >
    <div
      className="backImg"
    />
    <div
      className="fuckYou"
    >
      <div
        className="logoImg"
      />
      <form
        className="loginForm"
        onSubmit={[Function]}
      >
        <div
          className="form-inner"
        >
          <h2
            className="loginH2"
          >
            Welcome to the Tracker
          </h2>
          <select
            className="countrySelect"
            id="country"
            name="country"
            onChange={[Function]}
          >
            <option>
              Select your (unit) country
            </option>
            <option
              className="unitOption"
              value="48"
            >
              (48) Austria
            </option>
            <option
              className="unitOption"
              value="48"
            >
              (48) Belgium
            </option>
            <option
              className="unitOption"
              value="48"
            >
              (48) Bulgaria
            </option>
            <option
              className="unitOption"
              value="48"
            >
              (48) Croatia
            </option>
            <option
              className="unitOption"
              value="48"
            >
              (48) Cyprus
            </option>
            <option
              className="unitOption"
              value="48"
            >
              (48) Czech Republic
            </option>
            <option
              className="unitOption"
              value="48"
            >
              (48) Denmark
            </option>
            <option
              className="unitOption"
              value="48"
            >
              (48) Estonia
            </option>
            <option
              className="unitOption"
              value="48"
            >
              (48) Finland
            </option>
            <option
              className="unitOption"
              value="22"
            >
              (22) France
            </option>
            <option
              className="unitOption"
              value="48"
            >
              (48) French Guiana
            </option>
            <option
              className="unitOption"
              value="27"
            >
              (27) Germany
            </option>
            <option
              className="unitOption"
              value="31"
            >
              (31) Great Britain
            </option>
            <option
              className="unitOption"
              value="48"
            >
              (48) Greece
            </option>
            <option
              className="unitOption"
              value="48"
            >
              (48) Hungary
            </option>
            <option
              className="unitOption"
              value="48"
            >
              (48) Iceland
            </option>
            <option
              className="unitOption"
              value="31"
            >
              (31) Ireland
            </option>
            <option
              className="unitOption"
              value="48"
            >
              (48) Israel
            </option>
            <option
              className="unitOption"
              value="41"
            >
              (41) Italy
            </option>
            <option
              className="unitOption"
              value="48"
            >
              (48) Kazakhstan
            </option>
            <option
              className="unitOption"
              value="48"
            >
              (48) Latvia
            </option>
            <option
              className="unitOption"
              value="48"
            >
              (48) Lithuania
            </option>
            <option
              className="unitOption"
              value="48"
            >
              (48) Luxembourg
            </option>
            <option
              className="unitOption"
              value="48"
            >
              (48) Netherlands
            </option>
            <option
              className="unitOption"
              value="48"
            >
              (48) Norway
            </option>
            <option
              className="unitOption"
              value="4P"
            >
              (4P) Poland
            </option>
            <option
              className="unitOption"
              value="32"
            >
              (32) Portugal
            </option>
            <option
              className="unitOption"
              value="32"
            >
              (32) Romania
            </option>
            <option
              className="unitOption"
              value="3R"
            >
              (3R) Russia/Kalinigrad
            </option>
            <option
              className="unitOption"
              value="48"
            >
              (48) Serbia
            </option>
            <option
              className="unitOption"
              value="48"
            >
              (48) Slovakia
            </option>
            <option
              className="unitOption"
              value="48"
            >
              (48) Slovenia
            </option>
            <option
              className="unitOption"
              value="32"
            >
              (32) Spain
            </option>
            <option
              className="unitOption"
              value="48"
            >
              (48) Sweden
            </option>
            <option
              className="unitOption"
              value="48"
            >
              (48) Switzerland
            </option>
            <option
              className="unitOption"
              value="48"
            >
              (48) Ukraine
            </option>
          </select>
          <div
            className="loginForm-group"
          >
            <label
              className="loginLabel"
            >
              Account number:
            </label>
            <input
              className="loginInput"
              id="acc"
              name="acc"
              onChange={[Function]}
              type="text"
              value=""
            />
            <input
              className="loginButton"
              type="submit"
              value="Login"
            />
          </div>
        </div>
      </form>
    </div>
  </div>
</div>
`;
