// Jest Snapshot v1, https://goo.gl/fbAQLP

exports[`Rendering Availability should render Availability with Pro, dukt42 1`] = `
<div>
  <h2
    className="avalH22"
  />
  <div
    className="orderInfo"
  >
    <div
      className="infoSourcedLabel"
    >
      <h3
        className="orderH3"
      >
        Availability
      </h3>
      <label
        className="reqInfo"
      >
        BASE_CODE:
      </label>
      <label
        className="reqInfo"
      >
        BUNDLE:
      </label>
      <label
        className="reqInfo"
      >
        BEST_CASE:
      </label>
      <label
        className="reqInfo"
      >
        WORST_CASE:
      </label>
      <label
        className="reqInfo"
      >
        COMMENTS:
      </label>
    </div>
    <div
      className="infoSourced"
    >
      <h3
        className="orderH3i"
      >
        Info
      </h3>
      <input
        className="reqInfoOut"
        disabled={true}
        id="BASE_CODEinfo"
        name="info"
        type="text"
      />
      <input
        className="reqInfoOut"
        disabled={true}
        id="BUNDLEinfo"
        name="info"
        type="text"
      />
      <input
        className="reqInfoOut"
        disabled={true}
        id="BEST_CASEinfo"
        name="info"
        type="text"
      />
      <input
        className="reqInfoOut"
        disabled={true}
        id="WORST_CASEinfo"
        name="info"
        type="text"
      />
      <input
        className="reqInfoOut"
        disabled={true}
        id="COMMENTSinfo"
        name="info"
        type="text"
      />
    </div>
  </div>
</div>
`;
