// Jest Snapshot v1, https://goo.gl/fbAQLP

exports[`Rendering AvailabilityForm should render AvailabilityForm with empty 1`] = `
<form
  className="avalForm"
>
  <div
    className="avalForm-inner"
  >
    <div
      className="avalForm-group"
    >
      <h2
        className="avalH2"
      >
        availabilityLabel1
      </h2>
      <div
        className="orderForm-AvalgroupButton"
      >
        <input
          className="avalInput"
          id="base_code"
          name="base_code"
          onChange={[Function]}
          onKeyDown={[Function]}
          placeholder="availabilityLabel2"
          type="text"
          value=""
        />
        <input
          className="avalCheckButton"
          onClick={[Function]}
          type="button"
          value="availabilityButton"
        />
      </div>
    </div>
  </div>
</form>
`;

exports[`Rendering AvailabilityForm should render AvailabilityForm with user Hallo42 1`] = `
<form
  className="avalForm"
>
  <div
    className="avalForm-inner"
  >
    <div
      className="avalForm-group"
    >
      <h2
        className="avalH2"
      >
        availabilityLabel1
      </h2>
      <div
        className="orderForm-AvalgroupButton"
      >
        <input
          className="avalInput"
          id="base_code"
          name="base_code"
          onChange={[Function]}
          onKeyDown={[Function]}
          placeholder="availabilityLabel2"
          type="text"
          value=""
        />
        <input
          className="avalCheckButton"
          onClick={[Function]}
          type="button"
          value="availabilityButton"
        />
      </div>
    </div>
  </div>
</form>
`;
