// Jest Snapshot v1, https://goo.gl/fbAQLP

exports[`Rendering AvalabilityListItem selec = false  should render AvalabilityListItem 1`] = `
<div>
  <div
    className="item"
  >
    <div
      className="beforeDivAval"
      onClick={[Function]}
    >
      <div
        className="orderDiv1"
      >
        <div
          className="topRow"
        >
          <h3
            className="listItemH3Aval"
          />
          <div
            className="mobilStatusAvalHidden"
          >
            <div
              className="orderListDivFlex"
            >
              <p
                className="p1Aval"
              />
            </div>
            <span
              className="toggleSpanAval"
            >
              ◄
            </span>
          </div>
        </div>
        <div
          className="orderDiv2Aval"
        >
          <div
            className="orderListDivFlex"
          >
            <p
              className="p1"
            >
              avalItemLabel1
               
            </p>
            <p />
          </div>
          <div
            className="orderListDivFlex"
          >
            <p
              className="p1"
            >
              avalItemLabel2
            </p>
            <p>
               
            </p>
          </div>
        </div>
      </div>
      <div
        className="mobilStatusAval"
      >
        <div
          className="orderListDivFlex"
        >
          <p
            className="p1Aval"
          />
        </div>
        <span
          className="toggleSpanAval"
        >
          ◄
        </span>
      </div>
    </div>
    <div>
      <div
        className="afterDiv"
      >
        <div
          className="contactBlock"
        >
          <div
            className="afterDiv1"
          >
            <div
              className="flex"
            >
              <div
                className="block"
              >
                <p
                  className="p3"
                >
                  avalItemLabel4
                  : 
                </p>
                <p />
              </div>
              <div
                className="block"
              >
                <p
                  className="p3"
                >
                  avalItemLabel5
                  : 
                </p>
                <p />
              </div>
              <div
                className="block"
              >
                <p
                  className="p3"
                >
                  avalItemLabel7
                  : 
                </p>
                <p />
              </div>
              <div
                className="block"
              >
                <p
                  className="p3"
                >
                  Info
                  : 
                </p>
                <p>
                  -
                </p>
              </div>
              <div
                className="block"
              >
                <p
                  className="p3"
                >
                  avalItemLabel6
                  : 
                </p>
                <p
                  className="p3Comment"
                />
              </div>
            </div>
            <div
              className="contactUsAval"
            >
              <p
                className="needHelp"
              >
                contactUsText2
              </p>
              <a
                href="mailto:codux@gmx.de?subject=Product: undefined&body=Hello John Deere Support, I need help with this product:"
              >
                <input
                  className="contactUsButton"
                  type="button"
                  value="contactUsButton"
                />
              </a>
            </div>
          </div>
        </div>
      </div>
    </div>
  </div>
</div>
`;

exports[`Rendering AvalabilityListItem selec = true  should render AvalabilityListItem 1`] = `
<div>
  <div
    className="item"
  >
    <div
      className="beforeDivAval"
      onClick={[Function]}
    >
      <div
        className="orderDiv1"
      >
        <div
          className="topRow"
        >
          <h3
            className="listItemH3Aval"
          />
          <div
            className="mobilStatusAvalHidden"
          >
            <div
              className="orderListDivFlex"
            >
              <p
                className="p1Aval"
              />
            </div>
            <span
              className="toggleSpanAval"
            >
              ◄
            </span>
          </div>
        </div>
        <div
          className="orderDiv2Aval"
        >
          <div
            className="orderListDivFlex"
          >
            <p
              className="p1"
            >
              avalItemLabel1
               
            </p>
            <p />
          </div>
          <div
            className="orderListDivFlex"
          >
            <p
              className="p1"
            >
              avalItemLabel2
            </p>
            <p>
               
            </p>
          </div>
        </div>
      </div>
      <div
        className="mobilStatusAval"
      >
        <div
          className="orderListDivFlex"
        >
          <p
            className="p1Aval"
          />
        </div>
        <span
          className="toggleSpanAval"
        >
          ◄
        </span>
      </div>
    </div>
    <div>
      <div
        className="afterDiv"
      >
        <div
          className="contactBlock"
        >
          <div
            className="afterDiv1"
          >
            <div
              className="flex"
            >
              <div
                className="block"
              >
                <p
                  className="p3"
                >
                  avalItemLabel4
                  : 
                </p>
                <p />
              </div>
              <div
                className="block"
              >
                <p
                  className="p3"
                >
                  avalItemLabel5
                  : 
                </p>
                <p />
              </div>
              <div
                className="block"
              >
                <p
                  className="p3"
                >
                  avalItemLabel7
                  : 
                </p>
                <p />
              </div>
              <div
                className="block"
              >
                <p
                  className="p3"
                >
                  Info
                  : 
                </p>
                <p>
                  -
                </p>
              </div>
              <div
                className="block"
              >
                <p
                  className="p3"
                >
                  avalItemLabel6
                  : 
                </p>
                <p
                  className="p3Comment"
                />
              </div>
            </div>
            <div
              className="contactUsAval"
            >
              <p
                className="needHelp"
              >
                contactUsText2
              </p>
              <a
                href="mailto:codux@gmx.de?subject=Product: undefined&body=Hello John Deere Support, I need help with this product:"
              >
                <input
                  className="contactUsButton"
                  type="button"
                  value="contactUsButton"
                />
              </a>
            </div>
          </div>
        </div>
      </div>
    </div>
  </div>
</div>
`;
