// Jest Snapshot v1, https://goo.gl/fbAQLP

exports[`Rendering FooterForm should render FooterForm 1`] = `
<div
  className="footer"
>
  <div
    className="footerLinks"
  >
    <a
      href="https://www.deere.de/de/index.html"
      target="blank"
    >
      footerLabel1
    </a>
    <a
      href="https://www.deere.com/en/our-company/contact-us/"
    >
      footerLabel2
    </a>
    <a
      href="https://www.deere.de/de/forms/digital-news-service/"
      target="blank"
    >
      footerLabel3
    </a>
    <a
      href="https://www.deere.de/de/impressum/"
      target="blank"
    >
      footerLabel4
    </a>
    <a
      href="https://www.deere.de/de/ersatzteile-und-service/ersatzteile/suche-nach-teilen-h%C3%A4ufig-gestellte-fragen/"
      target="blank"
    >
      footerLabel5
    </a>
    <a
      href="https://www.deere.de/de/datenschutzerkl%C3%A4rung/"
      target="blank"
    >
      footerLabel6
    </a>
    <a
      href="https://www.deere.com/en/privacy-and-data/terms/index.html"
      target="blank"
    >
      footerLabel7
    </a>
    <a
      href="https://www.deere.de/de/ersatzteile-und-service/service/"
      target="blank"
    >
      footerLabel8
    </a>
  </div>
  <p
    className="copyright"
  >
    footerLabel9
  </p>
</div>
`;
