// Jest Snapshot v1, https://goo.gl/fbAQLP

exports[`Rendering Kundenservice should render Kundenservice 1`] = `
<details
  className="custom-select"
>
  <summary
    className="radios"
  >
    navbarLabel4
  </summary>
  <ul
    className="list"
  >
    <li
      className="kundenLi"
    >
      <label
        for="item1"
      >
        <a
          href="https://www.deere.de/de/ersatzteile-und-service/ersatzteile/suche-nach-teilen-h%C3%A4ufig-gestellte-fragen/"
          target="blank"
        >
          navbarLabel4o1
        </a>
        <span />
      </label>
    </li>
    <li
      className="kundenLi"
    >
      <label
        for="item2"
      >
        <a
          href="https://www.deere.de/de/ersatzteile-und-service/service/"
          target="blank"
        >
          navbarLabel4o2
        </a>
      </label>
    </li>
    <li
      className="kundenLi"
    >
      <label
        for="item3"
      >
        <a
          href="https://www.deere.de/de/forms/digital-news-service/"
          target="blank"
        >
          navbarLabel4o3
        </a>
      </label>
    </li>
    <li
      className="kundenLi"
    >
      <label
        for="item4"
      >
        <a
          href="https://www.deere.de/de/datenschutzerkl%C3%A4rung/"
          target="blank"
        >
          navbarLabel4o4
        </a>
      </label>
    </li>
  </ul>
</details>
`;
