// Jest Snapshot v1, https://goo.gl/fbAQLP

exports[`Rendering ListForm should render ListForm with empty user 1`] = `
<div
  className="listDiv"
>
  <h2
    className="listH2"
  >
    listLabel1
     
  </h2>
  <div
    className="listCheckDivHelper"
  >
    <div
      className="listCheckDiv"
    >
      <div
        className="checkboxDiv"
      >
        <details
          className="custom-select-Show-2"
        >
          <summary
            className="radios-Show-2"
          >
            <input
              checked={true}
              className="kundenInput-Show-2"
              id="default-Show-2"
              name="item-Show-2"
              title="listSort1"
              type="radio"
            />
          </summary>
          <ul
            className="list-Show-2"
          >
            <li
              className="kundenLi-Show-2"
            >
              <label
                for="item1-Sort-2"
              >
                <input
                  className="sortButton"
                  onClick={[Function]}
                  type="button"
                  value="listSort1o1"
                />
              </label>
            </li>
            <li
              className="kundenLi-Show-2"
            >
              <label
                for="item2-Sort-2"
              >
                <input
                  className="sortButton"
                  onClick={[Function]}
                  type="button"
                  value="listSort1o2"
                />
              </label>
            </li>
            <li
              className="kundenLi-Show-2"
            >
              <label
                for="item3-Sort-2"
              >
                <input
                  className="sortButton"
                  onClick={[Function]}
                  type="button"
                  value="listSort1o3"
                />
              </label>
            </li>
            <li
              className="kundenLi-Show-2"
            >
              <label
                for="item4-Sort-2"
              >
                <input
                  className="sortButton"
                  onClick={[Function]}
                  type="button"
                  value="listSort1o4"
                />
              </label>
            </li>
          </ul>
        </details>
      </div>
      <div
        className="checkboxDiv"
      >
        <details
          className="custom-select-Show"
        >
          <summary
            className="radios-Show"
          >
            <input
              checked={true}
              className="kundenInput-Show"
              id="default-Show"
              name="item-Show"
              title="listFilter1"
              type="radio"
            />
          </summary>
          <ul
            className="list-Show"
          >
            <li
              className="kundenLi-Show"
            >
              <label
                for="item1-Show"
              >
                <div
                  className="checkbox-wrapper"
                >
                  <label>
                    <input
                      checked={false}
                      className="checkbox"
                      id="sourced"
                      onChange={[Function]}
                      onClick={[Function]}
                      type="checkbox"
                    />
                    <span
                      className="spanLabel"
                    >
                      listFilter1o1
                    </span>
                  </label>
                </div>
                <span />
              </label>
            </li>
            <li
              className="kundenLi-Show"
            >
              <label
                for="item2-Show"
              >
                <div
                  className="checkbox-wrapper"
                >
                  <label>
                    <input
                      checked={false}
                      className="checkBoxInput"
                      id="unsourced"
                      onChange={[Function]}
                      onClick={[Function]}
                      type="checkbox"
                    />
                    <span
                      className="spanLabel"
                    >
                      listFilter1o2
                    </span>
                  </label>
                </div>
              </label>
            </li>
            <li
              className="kundenLi-Show"
            >
              <label
                for="item3-Show"
              >
                <div
                  className="checkbox-wrapper"
                >
                  <label>
                    <input
                      checked={false}
                      className="checkBoxInput"
                      id="inventory"
                      onChange={[Function]}
                      onClick={[Function]}
                      type="checkbox"
                    />
                    <span
                      className="spanLabel"
                    >
                      listFilter1o3
                    </span>
                  </label>
                </div>
              </label>
            </li>
            <li
              className="kundenLi-Show"
            >
              <label
                for="item4-Show"
              >
                <div
                  className="checkbox-wrapper"
                >
                  <label>
                    <input
                      checked={false}
                      className="checkBoxInput"
                      id="canceled"
                      onChange={[Function]}
                      onClick={[Function]}
                      type="checkbox"
                    />
                    <span
                      className="spanLabel"
                    >
                      listFilter1o4
                    </span>
                  </label>
                </div>
              </label>
            </li>
          </ul>
        </details>
      </div>
    </div>
    <div
      className="filterComponentsDiv"
    />
  </div>
  <div
    className="wrapper"
  >
    <div
      className="accordion"
    />
  </div>
  <input
    className="checkButtonShow"
    onClick={[Function]}
    type="button"
    value="listButton1"
  />
</div>
`;

exports[`Rendering ListForm should render ListForm with user Hallo42 1`] = `
<div
  className="listDiv"
>
  <h2
    className="listH2"
  >
    listLabel1
     
  </h2>
  <div
    className="listCheckDivHelper"
  >
    <div
      className="listCheckDiv"
    >
      <div
        className="checkboxDiv"
      >
        <details
          className="custom-select-Show-2"
        >
          <summary
            className="radios-Show-2"
          >
            <input
              checked={true}
              className="kundenInput-Show-2"
              id="default-Show-2"
              name="item-Show-2"
              title="listSort1"
              type="radio"
            />
          </summary>
          <ul
            className="list-Show-2"
          >
            <li
              className="kundenLi-Show-2"
            >
              <label
                for="item1-Sort-2"
              >
                <input
                  className="sortButton"
                  onClick={[Function]}
                  type="button"
                  value="listSort1o1"
                />
              </label>
            </li>
            <li
              className="kundenLi-Show-2"
            >
              <label
                for="item2-Sort-2"
              >
                <input
                  className="sortButton"
                  onClick={[Function]}
                  type="button"
                  value="listSort1o2"
                />
              </label>
            </li>
            <li
              className="kundenLi-Show-2"
            >
              <label
                for="item3-Sort-2"
              >
                <input
                  className="sortButton"
                  onClick={[Function]}
                  type="button"
                  value="listSort1o3"
                />
              </label>
            </li>
            <li
              className="kundenLi-Show-2"
            >
              <label
                for="item4-Sort-2"
              >
                <input
                  className="sortButton"
                  onClick={[Function]}
                  type="button"
                  value="listSort1o4"
                />
              </label>
            </li>
          </ul>
        </details>
      </div>
      <div
        className="checkboxDiv"
      >
        <details
          className="custom-select-Show"
        >
          <summary
            className="radios-Show"
          >
            <input
              checked={true}
              className="kundenInput-Show"
              id="default-Show"
              name="item-Show"
              title="listFilter1"
              type="radio"
            />
          </summary>
          <ul
            className="list-Show"
          >
            <li
              className="kundenLi-Show"
            >
              <label
                for="item1-Show"
              >
                <div
                  className="checkbox-wrapper"
                >
                  <label>
                    <input
                      checked={false}
                      className="checkbox"
                      id="sourced"
                      onChange={[Function]}
                      onClick={[Function]}
                      type="checkbox"
                    />
                    <span
                      className="spanLabel"
                    >
                      listFilter1o1
                    </span>
                  </label>
                </div>
                <span />
              </label>
            </li>
            <li
              className="kundenLi-Show"
            >
              <label
                for="item2-Show"
              >
                <div
                  className="checkbox-wrapper"
                >
                  <label>
                    <input
                      checked={false}
                      className="checkBoxInput"
                      id="unsourced"
                      onChange={[Function]}
                      onClick={[Function]}
                      type="checkbox"
                    />
                    <span
                      className="spanLabel"
                    >
                      listFilter1o2
                    </span>
                  </label>
                </div>
              </label>
            </li>
            <li
              className="kundenLi-Show"
            >
              <label
                for="item3-Show"
              >
                <div
                  className="checkbox-wrapper"
                >
                  <label>
                    <input
                      checked={false}
                      className="checkBoxInput"
                      id="inventory"
                      onChange={[Function]}
                      onClick={[Function]}
                      type="checkbox"
                    />
                    <span
                      className="spanLabel"
                    >
                      listFilter1o3
                    </span>
                  </label>
                </div>
              </label>
            </li>
            <li
              className="kundenLi-Show"
            >
              <label
                for="item4-Show"
              >
                <div
                  className="checkbox-wrapper"
                >
                  <label>
                    <input
                      checked={false}
                      className="checkBoxInput"
                      id="canceled"
                      onChange={[Function]}
                      onClick={[Function]}
                      type="checkbox"
                    />
                    <span
                      className="spanLabel"
                    >
                      listFilter1o4
                    </span>
                  </label>
                </div>
              </label>
            </li>
          </ul>
        </details>
      </div>
    </div>
    <div
      className="filterComponentsDiv"
    />
  </div>
  <div
    className="wrapper"
  >
    <div
      className="accordion"
    />
  </div>
  <input
    className="checkButtonShow"
    onClick={[Function]}
    type="button"
    value="listButton1"
  />
</div>
`;
