// Jest Snapshot v1, https://goo.gl/fbAQLP

exports[`Rendering OrderListItemInventory should render OrderListItemInventory with item INVENTORY 1`] = `
<div
  className="progressBarhelper"
>
  <div
    className="orderListItemInventory"
  >
    <div
      className="block"
    >
      <p
        className="p2"
      >
        listItemILabel1
         
      </p>
      <p />
      <p
        className="p2"
      >
        listItemILabel2
         
      </p>
      <p />
    </div>
    <div
      className="block"
    >
      <p
        className="p2"
      >
        listItemILabel4
         
      </p>
      <p />
      <p
        className="p2"
      >
        listItemILabel5
         
      </p>
      <p />
    </div>
    <div
      className="block"
    >
      <p
        className="p2"
      >
        listItemILabel6
         
      </p>
      <p />
      <p
        className="p2"
      >
        listItemILabel3
         
      </p>
      <p />
    </div>
    <div
      className="block"
    >
      <p
        className="p2"
      >
        listItemILabel8
         
      </p>
      <p />
    </div>
  </div>
  <div
    className="progressBarImgI"
  />
</div>
`;

exports[`Rendering OrderListItemInventory should render OrderListItemInventory with no item 1`] = `
<div
  className="progressBarhelper"
>
  <div
    className="orderListItemInventory"
  >
    <div
      className="block"
    >
      <p
        className="p2"
      >
        listItemILabel1
         
      </p>
      <p />
      <p
        className="p2"
      >
        listItemILabel2
         
      </p>
      <p />
    </div>
    <div
      className="block"
    >
      <p
        className="p2"
      >
        listItemILabel4
         
      </p>
      <p />
      <p
        className="p2"
      >
        listItemILabel5
         
      </p>
      <p />
    </div>
    <div
      className="block"
    >
      <p
        className="p2"
      >
        listItemILabel6
         
      </p>
      <p />
      <p
        className="p2"
      >
        listItemILabel3
         
      </p>
      <p />
    </div>
    <div
      className="block"
    >
      <p
        className="p2"
      >
        listItemILabel8
         
      </p>
      <p />
    </div>
  </div>
  <div
    className="progressBarImgI"
  />
</div>
`;
