// Jest Snapshot v1, https://goo.gl/fbAQLP

exports[`Rendering OrderForm should render OrderForm with empty user 1`] = `
<div
  className="orderWholeDiv"
>
  <div
    id="HomePage"
  />
  <form
    className="orderForm"
  >
    <div
      className="orderForm-inner"
    >
      <div
        className="order-inner-inner"
      >
        <div
          className="orderForm-groupOut"
        >
          <h2>
            orderLabel1
          </h2>
          <div
            className="orderForm-group"
          >
            <div
              className="orderForm-groupButton"
            >
              <input
                className="orderInput"
                id="bestellnummer"
                name="bestellnummer"
                onChange={[Function]}
                onKeyDown={[Function]}
                placeholder="orderLabel2"
                type="text"
                value=""
              />
              <input
                className="checkButton"
                onClick={[Function]}
                type="button"
                value="orderButton"
              />
            </div>
          </div>
        </div>
      </div>
    </div>
  </form>
  <div
    className="orderItem"
  />
</div>
`;

exports[`Rendering OrderForm should render OrderForm with user Hallo42 1`] = `
<div
  className="orderWholeDiv"
>
  <div
    id="HomePage"
  />
  <form
    className="orderForm"
  >
    <div
      className="orderForm-inner"
    >
      <div
        className="order-inner-inner"
      >
        <div
          className="orderForm-groupOut"
        >
          <h2>
            orderLabel1
          </h2>
          <div
            className="orderForm-group"
          >
            <div
              className="orderForm-groupButton"
            >
              <input
                className="orderInput"
                id="bestellnummer"
                name="bestellnummer"
                onChange={[Function]}
                onKeyDown={[Function]}
                placeholder="orderLabel2"
                type="text"
                value=""
              />
              <input
                className="checkButton"
                onClick={[Function]}
                type="button"
                value="orderButton"
              />
            </div>
          </div>
        </div>
      </div>
    </div>
  </form>
  <div
    className="orderItem"
  />
</div>
`;
