// Jest Snapshot v1, https://goo.gl/fbAQLP

exports[`Rendering OrderListItemCanceled should render OrderListItemCanceled with item CANCELED 1`] = `
<div
  className="progressBarhelper"
>
  <div
    className="orderListItemCanceled"
  >
    <div
      className="block"
    >
      <p
        className="p2"
      >
         
      </p>
      <p />
      <p
        className="p2"
      >
         
      </p>
      <p />
    </div>
    <div
      className="block"
    >
      <p
        className="p2"
      >
         
      </p>
      <p />
      <p
        className="p2"
      >
         
      </p>
      <p />
    </div>
    <div
      className="block"
    >
      <p
        className="p2"
      >
         
      </p>
      <p />
      <p
        className="p2"
      >
         
      </p>
      <p />
    </div>
  </div>
  <div
    className="progressBarImgC"
  />
</div>
`;

exports[`Rendering OrderListItemCanceled should render OrderListItemCanceled with no item 1`] = `
<div
  className="progressBarhelper"
>
  <div
    className="orderListItemCanceled"
  >
    <div
      className="block"
    >
      <p
        className="p2"
      >
         
      </p>
      <p />
      <p
        className="p2"
      >
         
      </p>
      <p />
    </div>
    <div
      className="block"
    >
      <p
        className="p2"
      >
         
      </p>
      <p />
      <p
        className="p2"
      >
         
      </p>
      <p />
    </div>
    <div
      className="block"
    >
      <p
        className="p2"
      >
         
      </p>
      <p />
      <p
        className="p2"
      >
         
      </p>
      <p />
    </div>
  </div>
  <div
    className="progressBarImgC"
  />
</div>
`;
