// Jest Snapshot v1, https://goo.gl/fbAQLP

exports[`Rendering OrderListItemSourced should render OrderListItemSourced with item SOURCED 1`] = `
<div
  className="progressBarhelper"
>
  <div
    className="orderListItemSourced"
  >
    <div
      className="block"
    >
      <p
        className="p2"
      >
        listItemSLabel1
         
      </p>
      <p>
        26.09.2022 (0 days left)
      </p>
      <p
        className="p2"
      >
        listItemSLabelRDD
      </p>
      <p />
      <p
        className="p2"
      >
        listItemSLabel2
         
      </p>
      <p />
    </div>
    <div
      className="block"
    >
      <p
        className="p2"
      >
        listItemSLabel4
         
      </p>
      <p />
      <p
        className="p2"
      >
        listItemSLabel5
         
      </p>
      <p />
      <p
        className="p2"
      >
        listItemSLabel6
         
      </p>
      <p />
    </div>
    <div
      className="block"
    >
      <p
        className="p2"
      >
        listItemSLabel3
         
      </p>
      <p />
      <p
        className="p2"
      >
        listItemSLabel7
         
      </p>
      <p />
      <p
        className="p2"
      >
        listItemSLabel8
         
      </p>
      <p />
    </div>
    <div
      className="block"
    >
      <p
        className="p2"
      >
        listItemSLabel9
         
      </p>
      <p />
      <p
        className="p2"
      >
        listItemSLabel10
         
      </p>
      <p />
      <p
        className="p2"
      >
        listItemSLabel11
         
      </p>
      <p />
    </div>
  </div>
  <div
    className="progressBarImgS"
  />
</div>
`;
