// Jest Snapshot v1, https://goo.gl/fbAQLP

exports[`Rendering OrderListItem should render OrderListItem 1`] = `
<div
  className="item"
>
  <div
    className="beforeDiv"
    onClick={[Function]}
  >
    <div
      className="orderDiv1"
    >
      <div
        className="topRow"
      >
        <div
          className="mobilStatusHidden"
        >
          <div
            className="orderStatusDiv"
          >
            <p
              className="orderStatusShipped"
            >
              Shipped
            </p>
          </div>
          <span
            className="toggleSpan"
          >
            ◄
          </span>
        </div>
      </div>
      <div
        className="orderDiv2"
      >
        <div
          className="orderImg2"
        />
        <div
          className="listH3andPBlock"
        >
          <h3
            className="listItemH3"
          >
            listItemLabel1
             
          </h3>
          <div
            className="orderListDivFlex"
          >
            <p
              className="p1"
            >
              listItemLabel2
              : 
            </p>
            <p>
               (
              )
            </p>
          </div>
        </div>
      </div>
    </div>
    <div
      className="mobilStatus"
    >
      <div
        className="orderStatusDiv"
      >
        <p
          className="orderStatusShipped"
        >
          Shipped
        </p>
      </div>
      <span
        className="toggleSpan"
      >
        ◄
      </span>
    </div>
  </div>
  <div>
    <div
      className="afterDiv"
    >
      <div
        className="afterDiv1"
      >
        <div
          className="afterDiv1-2"
        >
          <div
            className="afterDiv1-3"
          >
            <div
              className="contactUs"
            >
              <p
                className="needHelp"
              >
                contactUsText
              </p>
              <a
                href="mailto:codux@gmx.de?subject=Order #undefined&body=Hello John Deere Support, I need help with this order:"
              >
                <input
                  className="contactUsButton"
                  type="button"
                  value="contactUsButton"
                />
              </a>
            </div>
          </div>
        </div>
      </div>
    </div>
  </div>
</div>
`;
