// Jest Snapshot v1, https://goo.gl/fbAQLP

exports[`Rendering OrderListItemSourced should render OrderListItemSourced with item UNSOURCED 1`] = `
<div
  className="progressBarhelper"
>
  <div
    className="orderListItemUnsourced"
  >
    <div
      className="block"
    >
      <p
        className="p2"
      >
        listItemULabel2
         
      </p>
      <p />
      <p
        className="p2"
      >
        listItemSLabel3
         
      </p>
      <p />
    </div>
    <div
      className="block"
    >
      <p
        className="p2"
      >
        listItemCLabel1
         
      </p>
      <p />
      <p
        className="p2"
      >
        listItemULabel5
         
      </p>
      <p />
    </div>
    <div
      className="block"
    >
      <p
        className="p2"
      >
        listItemULabel6
         
      </p>
      <p />
      <p
        className="p2"
      >
        listItemULabel7
         
      </p>
      <p />
    </div>
    <div
      className="block"
    >
      <p
        className="p2"
      >
        listItemULabel8
         
      </p>
      <p />
    </div>
  </div>
  <div
    className="progressBarImgU"
  />
</div>
`;
