// Jest Snapshot v1, https://goo.gl/fbAQLP

exports[`Rendering Sourced should render Sourced with empty sourcedInfo  1`] = `
<div>
  <div
    className="orderInfo"
  >
    <div
      className="infoSourcedLabel"
    >
      <h3
        className="orderH3"
      >
        Sourced
      </h3>
      <label
        className="reqInfo"
      >
        ACC:
      </label>
      <label
        className="reqInfo"
      >
        Base Code Description:
      </label>
      <label
        className="reqInfo"
      >
        Factory Delivery:
      </label>
      <label
        className="reqInfo"
      >
        Original Factory Delivery:
      </label>
      <label
        className="reqInfo"
      >
        Requested Delivery:
      </label>
      <label
        className="reqInfo"
      >
        FDD-RDD:
      </label>
      <label
        className="reqInfo"
      >
        Sold:
      </label>
      <label
        className="reqInfo"
      >
        Order entry date:
      </label>
      <label
        className="reqInfo"
      >
        Order source date:
      </label>
      <label
        className="reqInfo"
      >
        Machine status:
      </label>
      <label
        className="reqInfo"
      >
        Order staus:
      </label>
      <label
        className="reqInfo"
      >
        Req. ship date:
      </label>
      <label
        className="reqInfo"
      >
        Pres date:
      </label>
      <label
        className="reqInfo"
      >
        Qty.:
      </label>
    </div>
    <div
      className="infoSourced"
    >
      <h3
        className="orderH3i"
      >
        Info
      </h3>
      <input
        className="reqInfoOut"
        disabled={true}
        id="ACCinfo"
        name="info"
        type="text"
      />
      <input
        className="reqInfoOut"
        disabled={true}
        id="Base Code Descriptioninfo"
        name="info"
        type="text"
      />
      <input
        className="reqInfoOut"
        disabled={true}
        id="FDDinfo"
        name="info"
        type="text"
      />
      <input
        className="reqInfoOut"
        disabled={true}
        id="OFDDinfo"
        name="info"
        type="text"
      />
      <input
        className="reqInfoOut"
        disabled={true}
        id="RDDinfo"
        name="info"
        type="text"
      />
      <input
        className="reqInfoOut"
        disabled={true}
        id="FDD-RDDinfo"
        name="info"
        type="text"
      />
      <input
        className="reqInfoOut"
        disabled={true}
        id="Soldinfo"
        name="info"
        type="text"
      />
      <input
        className="reqInfoOut"
        disabled={true}
        id="Order entry dateinfo"
        name="info"
        type="text"
      />
      <input
        className="reqInfoOut"
        disabled={true}
        id="Order source dateinfo"
        name="info"
        type="text"
      />
      <input
        className="reqInfoOut"
        disabled={true}
        id="Machine statusinfo"
        name="info"
        type="text"
      />
      <input
        className="reqInfoOut"
        disabled={true}
        id="Order stausinfo"
        name="info"
        type="text"
      />
      <input
        className="reqInfoOut"
        disabled={true}
        id="Req. ship dateinfo"
        name="info"
        type="text"
      />
      <input
        className="reqInfoOut"
        disabled={true}
        id="Pres dateinfo"
        name="info"
        type="text"
      />
      <input
        className="reqInfoOut"
        disabled={true}
        id="Qtyinfo"
        name="info"
        type="text"
      />
    </div>
  </div>
</div>
`;

exports[`Rendering Sourced should render Sourced with sourcedInfo  1`] = `
<div>
  <div
    className="orderInfo"
  >
    <div
      className="infoSourcedLabel"
    >
      <h3
        className="orderH3"
      >
        Sourced
      </h3>
      <label
        className="reqInfo"
      >
        ACC:
      </label>
      <label
        className="reqInfo"
      >
        Base Code Description:
      </label>
      <label
        className="reqInfo"
      >
        Factory Delivery:
      </label>
      <label
        className="reqInfo"
      >
        Original Factory Delivery:
      </label>
      <label
        className="reqInfo"
      >
        Requested Delivery:
      </label>
      <label
        className="reqInfo"
      >
        FDD-RDD:
      </label>
      <label
        className="reqInfo"
      >
        Sold:
      </label>
      <label
        className="reqInfo"
      >
        Order entry date:
      </label>
      <label
        className="reqInfo"
      >
        Order source date:
      </label>
      <label
        className="reqInfo"
      >
        Machine status:
      </label>
      <label
        className="reqInfo"
      >
        Order staus:
      </label>
      <label
        className="reqInfo"
      >
        Req. ship date:
      </label>
      <label
        className="reqInfo"
      >
        Pres date:
      </label>
      <label
        className="reqInfo"
      >
        Qty.:
      </label>
    </div>
    <div
      className="infoSourced"
    >
      <h3
        className="orderH3i"
      >
        Info
      </h3>
      <input
        className="reqInfoOut"
        disabled={true}
        id="ACCinfo"
        name="info"
        type="text"
      />
      <input
        className="reqInfoOut"
        disabled={true}
        id="Base Code Descriptioninfo"
        name="info"
        type="text"
      />
      <input
        className="reqInfoOut"
        disabled={true}
        id="FDDinfo"
        name="info"
        type="text"
      />
      <input
        className="reqInfoOut"
        disabled={true}
        id="OFDDinfo"
        name="info"
        type="text"
      />
      <input
        className="reqInfoOut"
        disabled={true}
        id="RDDinfo"
        name="info"
        type="text"
      />
      <input
        className="reqInfoOut"
        disabled={true}
        id="FDD-RDDinfo"
        name="info"
        type="text"
      />
      <input
        className="reqInfoOut"
        disabled={true}
        id="Soldinfo"
        name="info"
        type="text"
      />
      <input
        className="reqInfoOut"
        disabled={true}
        id="Order entry dateinfo"
        name="info"
        type="text"
      />
      <input
        className="reqInfoOut"
        disabled={true}
        id="Order source dateinfo"
        name="info"
        type="text"
      />
      <input
        className="reqInfoOut"
        disabled={true}
        id="Machine statusinfo"
        name="info"
        type="text"
      />
      <input
        className="reqInfoOut"
        disabled={true}
        id="Order stausinfo"
        name="info"
        type="text"
      />
      <input
        className="reqInfoOut"
        disabled={true}
        id="Req. ship dateinfo"
        name="info"
        type="text"
      />
      <input
        className="reqInfoOut"
        disabled={true}
        id="Pres dateinfo"
        name="info"
        type="text"
      />
      <input
        className="reqInfoOut"
        disabled={true}
        id="Qtyinfo"
        name="info"
        type="text"
      />
    </div>
  </div>
</div>
`;
